src/background/auth-health-handler.ts(160,36): error TS2345: Argument of type 'string | null' is not assignable to parameter of type 'string | URL'.
  Type 'null' is not assignable to type 'string | URL'.
src/background/db-manager.ts(111,20): error TS2304: Cannot find name 'ServiceResult'.
src/background/db-manager.ts(112,25): error TS18047: 'response' is possibly 'null'.
src/background/db-manager.ts(113,32): error TS18047: 'response' is possibly 'null'.
src/background/db-manager.ts(157,18): error TS2339: Property 'isFail' does not exist on type 'Response'.
src/background/db-manager.ts(216,11): error TS2339: Property 'isSuccess' does not exist on type 'WasmProbeResult'.
src/background/db-manager.ts(241,24): error TS2304: Cannot find name 'ServiceResult'.
src/background/db-manager.ts(250,22): error TS2339: Property 'isFail' does not exist on type 'Response'.
src/background/handlers/file-storage-handler.ts(47,12): error TS18047: 'dbManager' is possibly 'null'.
src/background/handlers/grouped-kv-handler.ts(36,12): error TS18047: 'dbManager' is possibly 'null'.
src/background/handlers/kv-handler.ts(37,12): error TS18047: 'dbManager' is possibly 'null'.
src/background/handlers/recorder-capture-handler.ts(128,28): error TS2352: Conversion of type 'XPathCapturePayload' to type 'Record<string, unknown>' may be a mistake because neither type sufficiently overlaps with the other. If this was intentional, convert the expression to 'unknown' first.
  Index signature for type 'string' is missing in type 'XPathCapturePayload'.
src/background/project-db-manager.ts(72,24): error TS2304: Cannot find name 'ServiceResult'.
src/background/project-db-manager.ts(80,22): error TS2339: Property 'isFail' does not exist on type 'Response'.
src/background/recorder/chrome-tabs-adapter.ts(9,29): error TS2339: Property 'pendingUrl' does not exist on type '{ id?: number | undefined; url?: string | undefined; }'.
src/background/recorder/chrome-tabs-adapter.ts(14,27): error TS2339: Property 'update' does not exist on type 'typeof tabs'.
src/background/recorder/chrome-tabs-adapter.ts(15,39): error TS2339: Property 'get' does not exist on type 'typeof tabs'.
src/background/recorder/chrome-tabs-adapter.ts(17,26): error TS2339: Property 'windows' does not exist on type 'typeof chrome'.
src/background/recorder/chrome-tabs-adapter.ts(22,53): error TS2353: Object literal may only specify known properties, and 'active' does not exist in type '{ url: string; }'.
src/background/recorder/chrome-tabs-adapter.ts(24,26): error TS2339: Property 'id' does not exist on type 'void'.
src/background/recorder/chrome-tabs-adapter.ts(24,40): error TS2339: Property 'url' does not exist on type 'void'.
src/background/recorder/chrome-tabs-adapter.ts(24,51): error TS2339: Property 'pendingUrl' does not exist on type 'void'.
src/background/recorder/new-tab-tracker.ts(19,17): error TS2551: Property 'onCreated' does not exist on type 'typeof tabs'. Did you mean 'create'?
src/background/recorder/new-tab-tracker.ts(19,40): error TS7006: Parameter 'tab' implicitly has an 'any' type.
src/background/recorder/new-tab-tracker.ts(28,17): error TS2339: Property 'onUpdated' does not exist on type 'typeof tabs'.
src/background/recorder/new-tab-tracker.ts(28,40): error TS7006: Parameter 'tabId' implicitly has an 'any' type.
src/background/recorder/new-tab-tracker.ts(28,47): error TS7006: Parameter 'changeInfo' implicitly has an 'any' type.
src/background/recorder/new-tab-tracker.ts(28,59): error TS7006: Parameter 'tab' implicitly has an 'any' type.
src/background/recorder/new-tab-tracker.ts(39,60): error TS7006: Parameter 'data' implicitly has an 'any' type.
src/background/recorder/new-tab-tracker.ts(39,60): error TS2554: Expected 0-1 arguments, but got 2.
src/background/recorder/step-library/input-source.ts(324,13): error TS2339: Property 'isFail' does not exist on type 'Response'.
src/background/recorder/step-library/replay-bridge.ts(137,13): error TS2739: Type 'Record<string, unknown>' is missing the following properties from type 'UrlTabClickParams': UrlPattern, UrlMatch, OperationModeType
src/background/recorder/step-library/result-webhook.ts(558,21): error TS2304: Cannot find name 'ServiceResult'.
src/background/recorder/url-tab-click.ts(132,19): error TS2304: Cannot find name 'splitForCaseFold'.
src/background/recorder/url-tab-click.ts(134,49): error TS7006: Parameter 'seg' implicitly has an 'any' type.
src/background/session-log-writer.ts(208,36): error TS18048: 'handle' is possibly 'undefined'.
src/background/session-log-writer.ts(209,32): error TS18048: 'handle' is possibly 'undefined'.
src/background/session-log-writer.ts(292,16): error TS2339: Property 'isSuccess' does not exist on type '{ ok: true; report: string; } | { ok: false; error: string; }'.
  Property 'isSuccess' does not exist on type '{ ok: true; report: string; }'.
src/background/session-log-writer.ts(292,41): error TS2339: Property 'report' does not exist on type '{ ok: true; report: string; } | { ok: false; error: string; }'.
  Property 'report' does not exist on type '{ ok: false; error: string; }'.
src/background/session-log-writer.ts(303,22): error TS2339: Property 'isSuccess' does not exist on type '{ ok: true; report: string; } | { ok: false; error: string; }'.
  Property 'isSuccess' does not exist on type '{ ok: true; report: string; }'.
src/background/session-log-writer.ts(311,38): error TS2339: Property 'report' does not exist on type '{ ok: true; report: string; } | { ok: false; error: string; }'.
  Property 'report' does not exist on type '{ ok: false; error: string; }'.
src/background/wasm-integrity.ts(115,20): error TS2304: Cannot find name 'ServiceResult'.
src/background/wasm-integrity.ts(123,18): error TS2339: Property 'isFail' does not exist on type 'Response'.
src/components/automation/ChainBuilder.tsx(9,58): error TS2459: Module '"@/lib/automation-types"' declares 'TriggerType' locally, but it is not exported.
src/components/automation/TriggerConfig.tsx(7,15): error TS2459: Module '"@/lib/automation-types"' declares 'TriggerType' locally, but it is not exported.
src/components/HttpFailFastBanner.tsx(44,9): error TS2552: Cannot find name 'logError'. Did you mean 'onerror'?
src/components/HttpFailFastBanner.tsx(44,54): error TS2304: Cannot find name 'err'.
src/components/options/ActivityLogTimeline.tsx(270,9): error TS2304: Cannot find name 'logError'.
src/components/options/ActivityLogTimeline.tsx(270,54): error TS2304: Cannot find name 'err'.
src/components/options/api-explorer/EndpointAccordionItem.tsx(82,9): error TS2304: Cannot find name 'logError'.
src/components/options/AuthHealthPanel.tsx(57,9): error TS2304: Cannot find name 'logError'.
src/components/options/AuthHealthPanel.tsx(57,54): error TS2304: Cannot find name 'err'.
src/components/options/AutoAttachDiagnosticsPanel.tsx(132,55): error TS2339: Property 'isSuccess' does not exist on type 'Decision'.
src/components/options/BatchRunDialog.tsx(38,10): error TS2459: Module '"@/background/recorder/step-library/run-batch"' declares 'BatchGroupStatusType' locally, but it is not exported.
src/components/options/ErrorSwallowAuditView.tsx(166,25): error TS2304: Cannot find name 'ServiceResult'.
src/components/options/OpfsSessionBrowserPanel.tsx(164,9): error TS2304: Cannot find name 'logError'.
src/components/options/project-database/DefaultDatabasesStatus.tsx(75,9): error TS2304: Cannot find name 'logError'.
src/components/options/project-database/DefaultDatabasesStatus.tsx(75,54): error TS2304: Cannot find name 'err'.
src/components/options/project-database/KeyValueBrowser.tsx(76,9): error TS2304: Cannot find name 'logError'.
src/components/options/project-database/KeyValueBrowser.tsx(76,54): error TS2304: Cannot find name 'err'.
src/components/options/project-database/ProjectDatabasePanel.tsx(105,9): error TS2304: Cannot find name 'logError'.
src/components/options/project-database/ProjectDatabasePanel.tsx(105,54): error TS2304: Cannot find name 'err'.
src/components/options/project-database/ProjectDatabasePanel.tsx(133,9): error TS2304: Cannot find name 'logError'.
src/components/options/project-database/SchemaVersionHistory.tsx(60,9): error TS2304: Cannot find name 'logError'.
src/components/options/project-database/SchemaVersionHistory.tsx(60,54): error TS2304: Cannot find name 'err'.
src/components/options/project-database/SchemaVersionHistory.tsx(69,9): error TS2304: Cannot find name 'logError'.
src/components/options/project-database/SchemaVersionHistory.tsx(69,54): error TS2304: Cannot find name 'err'.
src/components/options/ProjectFilesPanel.tsx(371,9): error TS2304: Cannot find name 'logError'.
src/components/options/ProjectFilesPanel.tsx(371,54): error TS2304: Cannot find name 'err'.
src/components/options/ProjectGroupPanel.tsx(119,54): error TS2304: Cannot find name 'err'.
src/components/options/ProjectGroupPanel.tsx(127,54): error TS2304: Cannot find name 'err'.
src/components/options/PromptChainPanel.tsx(10,50): error TS2459: Module '"@/hooks/use-prompt-chains"' declares 'ChainStepStatusType' locally, but it is not exported.
src/components/options/ReproBuildErrorPanel.tsx(40,9): error TS2304: Cannot find name 'logError'.
src/components/options/ReproBuildErrorPanel.tsx(40,54): error TS2304: Cannot find name 'err'.
src/components/options/ScriptBundleDetailView.tsx(399,31): error TS2304: Cannot find name 'ServiceResult'.
src/components/options/step-editor/payload-builders.ts(97,20): error TS2339: Property 'isFail' does not exist on type '{ ok: true; value: number | undefined; } | { ok: false; message: string; }'.
  Property 'isFail' does not exist on type '{ ok: true; value: number | undefined; }'.
src/components/options/step-editor/payload-builders.ts(97,75): error TS2339: Property 'message' does not exist on type '{ ok: true; value: number | undefined; } | { ok: false; message: string; }'.
  Property 'message' does not exist on type '{ ok: true; value: number | undefined; }'.
src/components/options/step-editor/payload-builders.ts(98,32): error TS2339: Property 'value' does not exist on type '{ ok: true; value: number | undefined; } | { ok: false; message: string; }'.
  Property 'value' does not exist on type '{ ok: false; message: string; }'.
src/components/options/step-editor/payload-builders.ts(100,51): error TS2339: Property 'value' does not exist on type '{ ok: true; value: number | undefined; } | { ok: false; message: string; }'.
  Property 'value' does not exist on type '{ ok: false; message: string; }'.
src/components/options/step-editor/payload-builders.ts(154,23): error TS2339: Property 'isFail' does not exist on type '{ ok: true; value: number | undefined; } | { ok: false; message: string; }'.
  Property 'isFail' does not exist on type '{ ok: true; value: number | undefined; }'.
src/components/options/step-editor/payload-builders.ts(154,81): error TS2339: Property 'message' does not exist on type '{ ok: true; value: number | undefined; } | { ok: false; message: string; }'.
  Property 'message' does not exist on type '{ ok: true; value: number | undefined; }'.
src/components/options/step-editor/payload-builders.ts(155,71): error TS2339: Property 'value' does not exist on type '{ ok: true; value: number | undefined; } | { ok: false; message: string; }'.
  Property 'value' does not exist on type '{ ok: false; message: string; }'.
src/components/options/StorageBrowserView.tsx(108,54): error TS2304: Cannot find name 'err'.
src/components/options/StorageBrowserView.tsx(172,54): error TS2304: Cannot find name 'err'.
src/components/options/StorageBrowserView.tsx(189,54): error TS2304: Cannot find name 'err'.
src/components/options/StorageBrowserView.tsx(213,54): error TS2304: Cannot find name 'err'.
src/components/options/StorageBrowserView.tsx(487,54): error TS2304: Cannot find name 'err'.
src/components/options/StorageRuntimePanels.tsx(513,21): error TS2345: Argument of type 'string' is not assignable to parameter of type 'SetStateAction<"lovable.dev">'.
src/components/options/StorageRuntimePanels.tsx(614,38): error TS2345: Argument of type 'string' is not assignable to parameter of type 'SetStateAction<"lovable.dev">'.
src/components/options/StorageRuntimePanels.tsx(696,48): error TS2345: Argument of type 'string' is not assignable to parameter of type 'SetStateAction<"lovable.dev">'.
src/components/options/TokenSeederDiagnosticsPanel.tsx(121,9): error TS2304: Cannot find name 'logError'.
src/components/options/TokenSeederDiagnosticsPanel.tsx(121,54): error TS2304: Cannot find name 'err'.
src/components/options/UpdaterManagementView.tsx(162,54): error TS2304: Cannot find name 'err'.
src/components/options/WasmStatusBanner.tsx(126,143): error TS2339: Property 'isSuccess' does not exist on type 'WasmProbeSnapshot'.
src/components/options/WasmStatusBanner.tsx(199,49): error TS2339: Property 'isSuccess' does not exist on type 'WasmProbeSnapshot'.
src/components/options/webhook-settings/use-webhook-settings-state.ts(27,15): error TS2459: Module '"./DeliveryLogSection"' declares 'StatusFilter' locally, but it is not exported.
src/components/options/XPathValidationPanel.tsx(110,9): error TS2304: Cannot find name 'logError'.
src/components/popup/BootFailureBanner.tsx(135,54): error TS2304: Cannot find name 'err'.
src/components/popup/BootFailureBanner.tsx(148,54): error TS2304: Cannot find name 'err'.
src/components/popup/BootFailureBanner.tsx(179,54): error TS2304: Cannot find name 'err'.
src/components/popup/BootFailureBanner.tsx(308,40): error TS2339: Property 'isSuccess' does not exist on type 'WasmProbeResult'.
src/components/popup/BootFailureBanner.tsx(316,77): error TS2339: Property 'isSuccess' does not exist on type 'WasmProbeResult'.
src/components/popup/BootFailureBanner.tsx(617,39): error TS2339: Property 'isSuccess' does not exist on type 'WasmProbeResult'.
src/components/popup/DependencyChainPanel.tsx(84,9): error TS2304: Cannot find name 'logError'.
src/components/popup/DependencyChainPanel.tsx(84,54): error TS2304: Cannot find name 'err'.
src/components/popup/InjectionCopyButton.tsx(220,9): error TS2304: Cannot find name 'logError'.
src/components/popup/InjectionCopyButton.tsx(220,54): error TS2304: Cannot find name 'err'.
src/components/popup/InjectionCopyButton.tsx(244,9): error TS2552: Cannot find name 'logError'. Did you mean 'onerror'?
src/components/popup/InjectionCopyButton.tsx(244,54): error TS2304: Cannot find name 'err'.
src/components/popup/InjectionCopyButton.tsx(273,9): error TS2552: Cannot find name 'logError'. Did you mean 'onerror'?
src/components/popup/InjectionCopyButton.tsx(273,54): error TS2304: Cannot find name 'err'.
src/components/popup/InjectionDiagnosticsPanel.tsx(59,9): error TS2304: Cannot find name 'logError'.
src/components/popup/InjectionDiagnosticsPanel.tsx(59,54): error TS2304: Cannot find name 'err'.
src/components/popup/InjectionErrorPanel.tsx(87,9): error TS2304: Cannot find name 'logError'.
src/components/popup/InjectionErrorPanel.tsx(87,54): error TS2304: Cannot find name 'err'.
src/components/popup/InjectionErrorPanel.tsx(366,9): error TS2304: Cannot find name 'logError'.
src/components/popup/InjectionErrorPanel.tsx(366,54): error TS2304: Cannot find name 'err'.
src/components/popup/InjectionModeToggle.tsx(48,54): error TS2304: Cannot find name 'err'.
src/components/popup/PopupFooter.tsx(195,9): error TS2304: Cannot find name 'logError'.
src/components/popup/PopupFooter.tsx(195,54): error TS2304: Cannot find name 'err'.
src/components/popup/SdkSelfTestPanel.tsx(95,9): error TS2304: Cannot find name 'logError'.
src/components/popup/SdkSelfTestPanel.tsx(95,54): error TS2304: Cannot find name 'err'.
src/components/popup/SessionCopyButton.tsx(184,54): error TS2304: Cannot find name 'err'.
src/components/recorder/keyword-events/bulk-menu/BulkExportDialog.tsx(48,9): error TS2304: Cannot find name 'logError'.
src/components/recorder/keyword-events/TargetPickerRow.tsx(26,33): error TS2459: Module '"./target-picker-status"' declares 'SelectorStatus' locally, but it is not exported.
src/components/recorder/SelectorReplayTracePanel.tsx(35,10): error TS2459: Module '"./selector-replay-trace"' declares 'TraceStepStatus' locally, but it is not exported.
src/components/ui/context-menu.tsx(136,48): error TS2339: Property 'LabelType' does not exist on type 'typeof import("D:/work/macro-ahk/node_modules/@radix-ui/react-context-menu/dist/index")'.
src/components/ui/context-menu.tsx(137,62): error TS2339: Property 'LabelType' does not exist on type 'typeof import("D:/work/macro-ahk/node_modules/@radix-ui/react-context-menu/dist/index")'.
src/components/ui/context-menu.tsx(141,25): error TS2339: Property 'LabelType' does not exist on type 'typeof import("D:/work/macro-ahk/node_modules/@radix-ui/react-context-menu/dist/index")'.
src/components/ui/context-menu.tsx(147,53): error TS2339: Property 'LabelType' does not exist on type 'typeof import("D:/work/macro-ahk/node_modules/@radix-ui/react-context-menu/dist/index")'.
src/components/ui/dropdown-menu.tsx(137,49): error TS2339: Property 'LabelType' does not exist on type 'typeof import("D:/work/macro-ahk/node_modules/@radix-ui/react-dropdown-menu/dist/index")'.
src/components/ui/dropdown-menu.tsx(138,63): error TS2339: Property 'LabelType' does not exist on type 'typeof import("D:/work/macro-ahk/node_modules/@radix-ui/react-dropdown-menu/dist/index")'.
src/components/ui/dropdown-menu.tsx(142,26): error TS2339: Property 'LabelType' does not exist on type 'typeof import("D:/work/macro-ahk/node_modules/@radix-ui/react-dropdown-menu/dist/index")'.
src/components/ui/dropdown-menu.tsx(148,55): error TS2339: Property 'LabelType' does not exist on type 'typeof import("D:/work/macro-ahk/node_modules/@radix-ui/react-dropdown-menu/dist/index")'.
src/components/ui/menubar.tsx(164,44): error TS2339: Property 'LabelType' does not exist on type 'typeof import("D:/work/macro-ahk/node_modules/@radix-ui/react-menubar/dist/index")'.
src/components/ui/menubar.tsx(165,58): error TS2339: Property 'LabelType' does not exist on type 'typeof import("D:/work/macro-ahk/node_modules/@radix-ui/react-menubar/dist/index")'.
src/components/ui/menubar.tsx(169,21): error TS2339: Property 'LabelType' does not exist on type 'typeof import("D:/work/macro-ahk/node_modules/@radix-ui/react-menubar/dist/index")'.
src/components/ui/menubar.tsx(175,45): error TS2339: Property 'LabelType' does not exist on type 'typeof import("D:/work/macro-ahk/node_modules/@radix-ui/react-menubar/dist/index")'.
src/components/ui/select.tsx(100,43): error TS2339: Property 'LabelType' does not exist on type 'typeof import("D:/work/macro-ahk/node_modules/@radix-ui/react-select/dist/index")'.
src/components/ui/select.tsx(101,57): error TS2339: Property 'LabelType' does not exist on type 'typeof import("D:/work/macro-ahk/node_modules/@radix-ui/react-select/dist/index")'.
src/components/ui/select.tsx(103,20): error TS2339: Property 'LabelType' does not exist on type 'typeof import("D:/work/macro-ahk/node_modules/@radix-ui/react-select/dist/index")'.
src/components/ui/select.tsx(105,43): error TS2339: Property 'LabelType' does not exist on type 'typeof import("D:/work/macro-ahk/node_modules/@radix-ui/react-select/dist/index")'.
src/lib/__tests__/sqlite-bundle-contract.test.ts(117,23): error TS2339: Property 'isSuccess' does not exist on type 'BundleValidationResult'.
src/lib/__tests__/sqlite-bundle-contract.test.ts(128,23): error TS2339: Property 'isSuccess' does not exist on type 'BundleValidationResult'.
src/lib/__tests__/sqlite-bundle-contract.test.ts(146,23): error TS2339: Property 'isSuccess' does not exist on type 'BundleValidationResult'.
src/lib/__tests__/sqlite-bundle-contract.test.ts(163,23): error TS2339: Property 'isSuccess' does not exist on type 'BundleValidationResult'.
src/lib/__tests__/sqlite-bundle-contract.test.ts(178,23): error TS2339: Property 'isSuccess' does not exist on type 'BundleValidationResult'.
src/lib/__tests__/sqlite-bundle-contract.test.ts(193,23): error TS2339: Property 'isSuccess' does not exist on type 'BundleValidationResult'.
src/lib/__tests__/sqlite-bundle-contract.test.ts(207,23): error TS2339: Property 'isSuccess' does not exist on type 'BundleValidationResult'.
src/lib/__tests__/sqlite-bundle-contract.test.ts(222,23): error TS2339: Property 'isSuccess' does not exist on type 'BundleValidationResult'.
src/lib/__tests__/sqlite-bundle-contract.test.ts(230,23): error TS2339: Property 'isSuccess' does not exist on type 'BundleValidationResult'.
src/lib/__tests__/sqlite-bundle-contract.test.ts(247,23): error TS2339: Property 'isSuccess' does not exist on type 'BundleValidationResult'.
src/lib/__tests__/sqlite-bundle-contract.test.ts(261,23): error TS2339: Property 'isSuccess' does not exist on type 'BundleValidationResult'.
src/lib/chain-runner.ts(10,3): error TS2459: Module '"./automation-types"' declares 'ChainRunnerStatus' locally, but it is not exported.
src/lib/sqlite-bundle-contract.ts(417,16): error TS2339: Property 'isSuccess' does not exist on type 'BundleValidationResult'.
src/lib/sqlite-bundle.ts(994,18): error TS2339: Property 'isFail' does not exist on type 'BundleValidationResult'.
src/lib/sqlite-bundle.ts(1137,18): error TS2339: Property 'isFail' does not exist on type 'BundleValidationResult'.
src/lib/sqlite-bundle.ts(1303,18): error TS2339: Property 'isFail' does not exist on type 'BundleValidationResult'.
src/options/sections/AuthHealthPanel.tsx(39,9): error TS2304: Cannot find name 'logError'.
src/options/sections/AuthHealthPanel.tsx(39,54): error TS2304: Cannot find name 'err'.
src/options/sections/DiagnosticsPanel.tsx(89,9): error TS2304: Cannot find name 'logError'.
src/options/sections/DiagnosticsPanel.tsx(89,54): error TS2304: Cannot find name 'err'.
src/options/sections/DiagnosticsPanel.tsx(281,58): error TS2339: Property 'isSuccess' does not exist on type 'TrackedMessage'.
src/options/sections/DiagnosticsPanel.tsx(281,106): error TS2339: Property 'isSuccess' does not exist on type 'TrackedMessage'.
src/options/sections/DiagnosticsPanel.tsx(329,116): error TS2339: Property 'isSuccess' does not exist on type 'TrackedMessage'.
src/options/sections/ProjectEditor.tsx(111,9): error TS2304: Cannot find name 'logError'.
src/options/sections/ProjectsSection.tsx(55,9): error TS2304: Cannot find name 'logError'.
src/options/sections/ProjectsSection.tsx(55,54): error TS2304: Cannot find name 'err'.
src/options/sections/ProjectsSection.tsx(86,9): error TS2304: Cannot find name 'logError'.
src/options/sections/ProjectsSection.tsx(107,9): error TS2304: Cannot find name 'logError'.
src/options/sections/ProjectsSection.tsx(122,9): error TS2304: Cannot find name 'logError'.
src/options/sections/ProjectsSection.tsx(146,9): error TS2304: Cannot find name 'logError'.
src/options/sections/ScriptsLibrary.tsx(35,9): error TS2304: Cannot find name 'logError'.
src/options/sections/ScriptsLibrary.tsx(35,54): error TS2304: Cannot find name 'err'.
src/shared/http-fail-fast.ts(172,22): error TS2304: Cannot find name 'ServiceResult'.
standalone-scripts/macro-controller/src/db/prompt-db.ts(30,10): error TS2300: Duplicate identifier 'DbResult'.
standalone-scripts/macro-controller/src/db/prompt-db.ts(31,10): error TS2300: Duplicate identifier 'DbResult'.
standalone-scripts/macro-controller/src/db/prompt-db.ts(32,10): error TS2300: Duplicate identifier 'DbResult'.
standalone-scripts/macro-controller/src/db/prompt-db.ts(33,10): error TS2300: Duplicate identifier 'DbResult'.
standalone-scripts/macro-controller/src/db/prompt-db.ts(34,10): error TS2305: Module '"../types/enums"' has no exported member 'MethodEnum'.
standalone-scripts/macro-controller/src/db/prompt-db.ts(80,5): error TS2322: Type 'DbResult<undefined>' is not assignable to type 'DbResult<T>'.
  Type 'undefined' is not assignable to type 'T'.
    'T' could be instantiated with an arbitrary type which could be unrelated to 'undefined'.
standalone-scripts/macro-controller/src/db/prompt-revision-db.ts(1,10): error TS2440: Import declaration conflicts with local declaration of 'DbResult'.
standalone-scripts/macro-controller/src/db/prompt-revision-db.ts(66,5): error TS2322: Type 'DbResult<undefined>' is not assignable to type 'DbResult<T>'.
  Type 'undefined' is not assignable to type 'T'.
    'T' could be instantiated with an arbitrary type which could be unrelated to 'undefined'.
standalone-scripts/macro-controller/src/db/prompt-revision-db.ts(136,11): error TS2451: Cannot redeclare block-scoped variable 'isMissingIsOk'.
standalone-scripts/macro-controller/src/db/prompt-revision-db.ts(148,11): error TS2451: Cannot redeclare block-scoped variable 'isMissingIsOk'.
standalone-scripts/macro-controller/src/db/prompt-role-db.ts(37,86): error TS2366: Function lacks ending return statement and return type does not include 'undefined'.
standalone-scripts/macro-controller/src/db/prompt-role-db.ts(68,9): error TS2304: Cannot find name 'logError'.
standalone-scripts/macro-controller/src/db/sql-bridge.ts(40,28): error TS2304: Cannot find name 'MethodEnum'.
standalone-scripts/macro-controller/src/seed/prompt-health-check.ts(119,38): error TS2339: Property 'value' does not exist on type 'DbResult<PromptRow | undefined>'.
standalone-scripts/macro-controller/src/seed/prompt-health-check.ts(121,7): error TS2304: Cannot find name 'logError'.
standalone-scripts/macro-controller/src/seed/prompt-health-check.ts(142,5): error TS2304: Cannot find name 'logError'.
standalone-scripts/macro-controller/src/seed/reseed-command.ts(112,33): error TS2322: Type '{}' is not assignable to type 'string'.
standalone-scripts/macro-controller/src/seed/seed-plan-next.ts(170,9): error TS2304: Cannot find name 'logError'.
standalone-scripts/macro-controller/src/seed/seed-plan-next.ts(404,9): error TS2304: Cannot find name 'logError'.
standalone-scripts/macro-controller/src/seed/seed-plan-next.ts(434,10): error TS2305: Module '"../types/enums"' has no exported member 'MethodEnum'.
standalone-scripts/macro-controller/src/shared-state.ts(98,47): error TS2532: Object is possibly 'undefined'.
standalone-scripts/macro-controller/src/shared-state.ts(100,28): error TS18048: 'root.Projects' is possibly 'undefined'.
standalone-scripts/macro-controller/src/shared-state.ts(100,28): error TS18048: 'root.Projects.MacroController' is possibly 'undefined'.
standalone-scripts/macro-controller/src/shared-state.ts(101,24): error TS18048: 'root.Projects' is possibly 'undefined'.
standalone-scripts/macro-controller/src/shared-state.ts(101,24): error TS18048: 'root.Projects.MacroController' is possibly 'undefined'.
standalone-scripts/macro-controller/src/shared-state.ts(102,5): error TS18048: 'root.Projects' is possibly 'undefined'.
standalone-scripts/macro-controller/src/shared-state.ts(102,5): error TS18048: 'root.Projects.MacroController' is possibly 'undefined'.
standalone-scripts/macro-controller/src/shared-state.ts(105,3): error TS2304: Cannot find name 'logError'.
standalone-scripts/macro-controller/src/toast.ts(90,5): error TS2304: Cannot find name 'logError'.
standalone-scripts/macro-controller/src/toast.ts(191,9): error TS2304: Cannot find name 'logError'.
standalone-scripts/macro-controller/src/ui/error-overlay.ts(792,5): error TS2304: Cannot find name 'logError'.
standalone-scripts/macro-controller/src/ui/extension-relay.ts(76,9): error TS2304: Cannot find name 'logError'.
